7149 7037 5881 5822 5096 1128 -862 -4434 -6667 -8452